
> temp_app@0.0.0 build
> vite build

[36mvite v7.2.6 [32mbuilding client environment for production...[36m[39m
node.exe : 
[baseline-browser-mapping] 
The data in this module is 
over two months old.  To 
ensure accurate Baseline 
data, please update: `npm i b
aseline-browser-mapping@lates
t -D`
At E:\node js\npm.ps1:29 
char:3
+   & $NODE_EXE $NPM_CLI_JS 
$args
+   
~~~~~~~~~~~~~~~~~~~~~~~~~~~~~
    + CategoryInfo           
   : NotSpecified: ([baseli  
  ne-brows...ping@latest -   
 D`:String) [], RemoteExc    
eption
    + FullyQualifiedErrorId  
   : NativeCommandError
 
transforming...
[32mÔ£ô[39m 110 modules transformed.
[31mÔ£ù[39m Build failed 
in 1.89s
[31merror during build:
[31m[vite-plugin-pwa:build] 
[plugin 
vite-plugin-pwa:build] src/fa
culty/pages/LiveTests.tsx 
(336:12): There was an error 
during the build:
  Transform failed with 1 
error:
M:/Proble/src/faculty/pages/L
iveTests.tsx:336:12: ERROR: 
Expected ")" but found "{"
Additionally, handling the 
error in the 'buildEnd' hook 
caused the following error:
  Transform failed with 1 
error:
M:/Proble/src/faculty/pages/L
iveTests.tsx:336:12: ERROR: 
Expected ")" but found 
"{"[31m
file: [36mM:/Proble/src/facu
lty/pages/LiveTests.tsx:336:1
2[31m
[33m
[33mExpected ")" but found 
"{"[33m
334 |                      
))}
335 |                  </div>
336 |              {/* 
Results Modal */}
    |              ^
337 |              
{viewingResults && (
338 |                  <div 
className="fixed inset-0 
z-[60] flex items-center 
justify-center bg-black/50 
backdrop-blur-sm p-4">
[31m
    at getRollupError (file:/
//M:/Proble/node_modules/roll
up/dist/es/shared/parseAst.js
:401:41)
    at file:///M:/Proble/node
_modules/rollup/dist/es/share
d/node-entry.js:23347:39
    at process.processTicksAn
dRejections (node:internal/pr
ocess/task_queues:105:5)
    at async 
catchUnfinishedHookActions (f
ile:///M:/Proble/node_modules
/rollup/dist/es/shared/node-e
ntry.js:22805:16)
    at async rollupInternal (
file:///M:/Proble/node_module
s/rollup/dist/es/shared/node-
entry.js:23330:5)
    at async 
buildEnvironment (file:///M:/
Proble/node_modules/vite/dist
/node/chunks/config.js:33534:
12)
    at async Object.build (fi
le:///M:/Proble/node_modules/
vite/dist/node/chunks/config.
js:33893:19)
    at async Object.buildApp 
(file:///M:/Proble/node_modul
es/vite/dist/node/chunks/conf
ig.js:33890:153)
    at async CAC.<anonymous> 
(file:///M:/Proble/node_modul
es/vite/dist/node/cli.js:629:
3)[39m
