src/student/pages/MCQTest.tsx(82,15): error TS1128: Declaration or statement expected.
